Traceback (most recent call last):
  File "C:\Users\danie\Math\erdos151\sat151e.py", line 49, in <module>
Traceback (most recent call last):
  File "C:\Users\danie\Math\erdos151\sat151e.py", line 49, in <module>
    solve(int(sys.argv[1]), int(sys.argv[2]), int(sys.argv[3]), len(sys.argv) > 4 and sys.argv[4] == 'weak')
    solve(int(sys.argv[1]), int(sys.argv[2]), int(sys.argv[3]), len(sys.argv) > 4 and sys.argv[4] == 'weak')
  File "C:\Users\danie\Math\erdos151\sat151e.py", line 26, in solve
  File "C:\Users\danie\Math\erdos151\sat151e.py", line 26, in solve
    t = new(('t', C, v)); s.add_clause([-mc, t]); s.add_clause([-t] + [-E(v, c) for c in C])
        ^^^^^^^^^^^^^^^^
  File "C:\Users\danie\Math\erdos151\sat151e.py", line 16, in new
    t = new(('t', C, v)); s.add_clause([-mc, t]); s.add_clause([-t] + [-E(v, c) for c in C])
        ^^^^^^^^^^^^^^^^
  File "C:\Users\danie\Math\erdos151\sat151e.py", line 16, in new
    var[key] = len(var) + 1; return var[key]
    var[key] = len(var) + 1; return var[key]
    ~~~^^^^^
    ~~~^^^^^
MemoryError
MemoryError
Traceback (most recent call last):
  File "C:\Users\danie\Math\erdos151\sat151e.py", line 7, in <module>
    from sat151 import H, tau_exact
  File "C:\Users\danie\Math\erdos151\sat151.py", line 9, in <module>
    from scipy.optimize import milp, LinearConstraint, Bounds
  File "C:\Users\danie\AppData\Local\Programs\Python\Python312\Lib\site-packages\scipy\optimize\__init__.py", line 435, in <module>
    from ._linprog import linprog, linprog_verbose_callback
  File "C:\Users\danie\AppData\Local\Programs\Python\Python312\Lib\site-packages\scipy\optimize\_linprog.py", line 22, in <module>
    from ._linprog_ip import _linprog_ip
  File "C:\Users\danie\AppData\Local\Programs\Python\Python312\Lib\site-packages\scipy\optimize\_linprog_ip.py", line 27, in <module>
    from ._linprog_util import _postsolve
  File "C:\Users\danie\AppData\Local\Programs\Python\Python312\Lib\site-packages\scipy\optimize\_linprog_util.py", line 9, in <module>
    from scipy.optimize._remove_redundancy import (
  File "C:\Users\danie\AppData\Local\Programs\Python\Python312\Lib\site-packages\scipy\optimize\_remove_redundancy.py", line 9, in <module>
    from scipy.linalg.interpolative import interp_decomp
  File "C:\Users\danie\AppData\Local\Programs\Python\Python312\Lib\site-packages\scipy\linalg\interpolative.py", line 360, in <module>
    import scipy.linalg._decomp_interpolative as _backend
  File "scipy/linalg/_decomp_interpolative.pyx", line 116, in init scipy.linalg._decomp_interpolative
  File "C:\Users\danie\AppData\Local\Programs\Python\Python312\Lib\site-packages\scipy\fft\__init__.py", line 92, in <module>
    from ._helper import (
  File "C:\Users\danie\AppData\Local\Programs\Python\Python312\Lib\site-packages\scipy\fft\_helper.py", line 4, in <module>
    from ._duccfft import helper as _helper
  File "C:\Users\danie\AppData\Local\Programs\Python\Python312\Lib\site-packages\scipy\fft\_duccfft\__init__.py", line 3, in <module>
    from .basic import *
  File "C:\Users\danie\AppData\Local\Programs\Python\Python312\Lib\site-packages\scipy\fft\_duccfft\basic.py", line 6, in <module>
    from . import pyduccfft as pfft
ImportError: DLL load failed while importing pyduccfft: The paging file is too small for this operation to complete.
n=21 d=16 H=6 [maxdeg]: UNSAT (0s)
n=21 d=1 H=6 [maxdeg]: UNSAT (1s)
n=21 d=4 g=10/11 H=6 [strict maxdeg+N0]: UNSAT (0s)
n=21 d=4 g=9/11 H=6 [strict maxdeg+N0]: UNSAT (0s)
n=21 d=4 g=8/11 H=6 [strict maxdeg+N0]: UNSAT (8s)
n=21 d=5 g=15/34 H=6 [strict maxdeg+N0]: UNSAT (12s)
n=21 d=5 g=14/34 H=6 [strict maxdeg+N0]: UNSAT (14s)
n=21 d=5 g=10/34 H=6 [strict maxdeg+N0]: UNSAT (47s)
n=21 d=5 g=17/34 H=6 [strict maxdeg+N0]: UNSAT (15s)
n=21 d=4 g=4/11 H=6 [strict maxdeg+N0]: UNSAT (60s)
n=21 d=5 g=6/34 H=6 [strict maxdeg+N0]: UNSAT (63s)
n=21 d=5 g=20/34 H=6 [strict maxdeg+N0]: UNSAT (6s)
n=21 d=5 g=21/34 H=6 [strict maxdeg+N0]: UNSAT (7s)
n=21 d=4 g=3/11 H=6 [strict maxdeg+N0]: UNSAT (81s)
n=21 d=5 g=16/34 H=6 [strict maxdeg+N0]: UNSAT (64s)
n=21 d=5 g=8/34 H=6 [strict maxdeg+N0]: UNSAT (91s)
n=21 d=5 g=23/34 H=6 [strict maxdeg+N0]: UNSAT (7s)
n=21 d=5 g=12/34 H=6 [strict maxdeg+N0]: UNSAT (91s)
n=21 d=5 g=25/34 H=6 [strict maxdeg+N0]: UNSAT (11s)
n=21 d=2 H=6 [maxdeg]: UNSAT (105s)
n=21 d=5 g=26/34 H=6 [strict maxdeg+N0]: UNSAT (5s)
n=21 d=5 g=27/34 H=6 [strict maxdeg+N0]: UNSAT (0s)
n=21 d=5 g=11/34 H=6 [strict maxdeg+N0]: UNSAT (103s)
n=21 d=5 g=24/34 H=6 [strict maxdeg+N0]: UNSAT (12s)
n=21 d=5 g=13/34 H=6 [strict maxdeg+N0]: UNSAT (93s)
n=21 d=5 g=28/34 H=6 [strict maxdeg+N0]: UNSAT (4s)
n=21 d=5 g=32/34 H=6 [strict maxdeg+N0]: UNSAT (0s)
n=21 d=5 g=30/34 H=6 [strict maxdeg+N0]: UNSAT (0s)
n=21 d=5 g=33/34 H=6 [strict maxdeg+N0]: UNSAT (0s)
n=21 d=5 k=0 g2=0/1 H=6 [strict N0indep+N1]: UNSAT (0s)
n=21 d=5 g=29/34 H=6 [strict maxdeg+N0]: UNSAT (6s)
n=21 d=5 g=31/34 H=6 [strict maxdeg+N0]: UNSAT (5s)
n=21 d=5 k=2 g2=0/2 H=6 [strict N0indep+N1]: UNSAT (4s)
n=21 d=5 k=1 g2=0/1 H=6 [strict N0indep+N1]: UNSAT (6s)
n=21 d=5 k=3 g2=3/4 H=6 [strict N0indep+N1]: UNSAT (3s)
n=21 d=5 k=3 g2=2/4 H=6 [strict N0indep+N1]: UNSAT (5s)
n=21 d=5 k=4 g2=2/11 H=6 [strict N0indep+N1]: UNSAT (3s)
n=21 d=5 k=4 g2=3/11 H=6 [strict N0indep+N1]: UNSAT (5s)
n=21 d=5 k=4 g2=4/11 H=6 [strict N0indep+N1]: UNSAT (1s)
n=21 d=5 k=4 g2=5/11 H=6 [strict N0indep+N1]: UNSAT (3s)
n=21 d=5 g=9/34 H=6 [strict maxdeg+N0]: UNSAT (145s)
n=21 d=5 k=4 g2=6/11 H=6 [strict N0indep+N1]: UNSAT (4s)
n=21 d=5 k=4 g2=7/11 H=6 [strict N0indep+N1]: UNSAT (3s)
n=21 d=5 k=2 g2=1/2 H=6 [strict N0indep+N1]: UNSAT (31s)
n=21 d=5 k=4 g2=8/11 H=6 [strict N0indep+N1]: UNSAT (3s)
n=21 d=5 k=4 g2=1/11 H=6 [strict N0indep+N1]: UNSAT (27s)
n=21 d=5 g=22/34 H=6 [strict maxdeg+N0]: UNSAT (81s)
n=21 d=5 k=4 g2=10/11 H=6 [strict N0indep+N1]: UNSAT (0s)
n=21 d=5 k=3 g2=0/4 H=6 [strict N0indep+N1]: UNSAT (33s)
n=21 d=5 k=4 g2=9/11 H=6 [strict N0indep+N1]: UNSAT (4s)
n=21 d=5 g=1 k=3 g2=3/4 H=6 [strict maxdeg+N0+N1]: UNSAT (3s)
n=21 d=5 g=1 k=3 g2=2/4 H=6 [strict maxdeg+N0+N1]: UNSAT (6s)
n=21 d=5 k=3 g2=1/4 H=6 [strict N0indep+N1]: UNSAT (49s)
n=21 d=5 k=4 g2=0/11 H=6 [strict N0indep+N1]: UNSAT (51s)
n=21 d=5 g=1 k=4 g2=2/11 H=6 [strict maxdeg+N0+N1]: UNSAT (3s)
n=21 d=5 g=1 k=4 g2=3/11 H=6 [strict maxdeg+N0+N1]: UNSAT (3s)
n=21 d=5 g=1 k=4 g2=4/11 H=6 [strict maxdeg+N0+N1]: UNSAT (3s)
n=21 d=5 g=1 k=4 g2=0/11 H=6 [strict maxdeg+N0+N1]: UNSAT (26s)
n=21 d=5 g=4/34 H=6 [strict maxdeg+N0]: UNSAT (196s)
n=21 d=5 g=1 k=4 g2=6/11 H=6 [strict maxdeg+N0+N1]: UNSAT (3s)
n=21 d=5 g=1 k=4 g2=5/11 H=6 [strict maxdeg+N0+N1]: UNSAT (4s)
n=21 d=5 g=5/34 H=6 [strict maxdeg+N0]: UNSAT (203s)
n=21 d=5 g=1 k=4 g2=7/11 H=6 [strict maxdeg+N0+N1]: UNSAT (3s)
n=21 d=5 g=1 k=3 g2=1/4 H=6 [strict maxdeg+N0+N1]: UNSAT (41s)
n=21 d=5 g=1 k=2 g2=1/2 H=6 [strict maxdeg+N0+N1]: UNSAT (44s)
n=21 d=5 g=19/34 H=6 [strict maxdeg+N0]: UNSAT (146s)
n=21 d=5 g=1 k=4 g2=8/11 H=6 [strict maxdeg+N0+N1]: UNSAT (3s)
n=21 d=5 g=1 k=2 g2=0/2 H=6 [strict maxdeg+N0+N1]: UNSAT (50s)
n=21 d=5 g=1 k=4 g2=1/11 H=6 [strict maxdeg+N0+N1]: UNSAT (28s)
n=21 d=5 g=1 k=4 g2=9/11 H=6 [strict maxdeg+N0+N1]: UNSAT (4s)
n=21 d=5 g=1 k=4 g2=10/11 H=6 [strict maxdeg+N0+N1]: UNSAT (0s)
n=21 d=5 g=1 k=3 g2=0/4 H=6 [strict maxdeg+N0+N1]: UNSAT (47s)
n=21 d=5 g=1 k=1 g2=0/1 H=6 [strict maxdeg+N0+N1]: UNSAT (54s)
n=21 d=5 g=1 k=0 g2=0/1 H=6 [strict maxdeg+N0+N1]: UNSAT (64s)
n=22 d=9 H=6 [maxdeg]: UNSAT (0s)
n=21 d=5 g=2 k=3 g2=3/4 H=6 [strict maxdeg+N0+N1]: UNSAT (4s)
n=21 d=5 g=2 k=3 g2=2/4 H=6 [strict maxdeg+N0+N1]: UNSAT (5s)
n=22 d=14 H=6 [maxdeg]: UNSAT (0s)
n=21 d=5 g=2 k=2 g2=1/2 H=6 [strict maxdeg+N0+N1]: UNSAT (7s)
n=22 d=1 H=6 [maxdeg]: UNSAT (2s)
n=21 d=5 g=2 k=1 g2=0/1 H=6 [strict maxdeg+N0+N1]: UNSAT (35s)
n=21 d=5 g=2 k=3 g2=1/4 H=6 [strict maxdeg+N0+N1]: UNSAT (34s)
n=21 d=5 g=2 k=0 g2=0/1 H=6 [strict maxdeg+N0+N1]: UNSAT (41s)
n=21 d=5 g=2 k=3 g2=0/4 H=6 [strict maxdeg+N0+N1]: UNSAT (37s)
n=21 d=5 g=2 k=2 g2=0/2 H=6 [strict maxdeg+N0+N1]: UNSAT (41s)
n=22 d=4 g=6/11 H=6 [strict maxdeg+N0]: UNSAT (18s)
n=22 d=4 g=9/11 H=6 [strict maxdeg+N0]: UNSAT (1s)
n=22 d=4 g=10/11 H=6 [strict maxdeg+N0]: UNSAT (0s)
n=22 d=4 g=7/11 H=6 [strict maxdeg+N0]: UNSAT (9s)
n=22 d=4 g=8/11 H=6 [strict maxdeg+N0]: UNSAT (11s)
n=22 d=4 g=4/11 H=6 [strict maxdeg+N0]: UNSAT (69s)
n=22 d=4 g=5/11 H=6 [strict maxdeg+N0]: UNSAT (74s)
n=22 d=2 H=6 [maxdeg]: UNSAT (125s)
n=22 d=5 g=10/34 H=6 [strict maxdeg+N0]: UNSAT (70s)
n=22 d=5 g=9/34 H=6 [strict maxdeg+N0]: UNSAT (96s)
n=21 d=5 g=18/34 H=6 [strict maxdeg+N0]: UNSAT (382s)
n=22 d=5 g=14/34 H=6 [strict maxdeg+N0]: UNSAT (13s)
n=22 d=5 g=6/34 H=6 [strict maxdeg+N0]: UNSAT (178s)
n=21 d=4 g=2/11 H=6 [strict maxdeg+N0]: UNSAT (467s)
n=22 d=5 g=15/34 H=6 [strict maxdeg+N0]: UNSAT (18s)
n=22 d=4 g=3/11 H=6 [strict maxdeg+N0]: UNSAT (267s)
n=22 d=5 g=17/34 H=6 [strict maxdeg+N0]: UNSAT (23s)
n=22 d=5 g=12/34 H=6 [strict maxdeg+N0]: UNSAT (114s)
n=22 d=5 g=11/34 H=6 [strict maxdeg+N0]: UNSAT (161s)
n=22 d=5 g=8/34 H=6 [strict maxdeg+N0]: UNSAT (240s)
n=22 d=5 g=20/34 H=6 [strict maxdeg+N0]: UNSAT (10s)
n=22 d=5 g=21/34 H=6 [strict maxdeg+N0]: UNSAT (9s)
n=22 d=5 g=23/34 H=6 [strict maxdeg+N0]: UNSAT (10s)
n=22 d=5 g=13/34 H=6 [strict maxdeg+N0]: UNSAT (128s)
n=22 d=5 g=24/34 H=6 [strict maxdeg+N0]: UNSAT (18s)
n=22 d=5 g=27/34 H=6 [strict maxdeg+N0]: UNSAT (1s)
n=22 d=5 g=26/34 H=6 [strict maxdeg+N0]: UNSAT (8s)
n=22 d=5 g=25/34 H=6 [strict maxdeg+N0]: UNSAT (16s)
n=22 d=5 g=4/34 H=6 [strict maxdeg+N0]: UNSAT (308s)
n=22 d=5 g=28/34 H=6 [strict maxdeg+N0]: UNSAT (6s)
n=22 d=5 g=16/34 H=6 [strict maxdeg+N0]: UNSAT (110s)
n=22 d=5 g=30/34 H=6 [strict maxdeg+N0]: UNSAT (0s)
n=22 d=5 g=32/34 H=6 [strict maxdeg+N0]: UNSAT (0s)
n=22 d=5 g=33/34 H=6 [strict maxdeg+N0]: UNSAT (0s)
n=22 d=5 g=29/34 H=6 [strict maxdeg+N0]: UNSAT (9s)
n=22 d=5 k=0 g2=0/1 H=6 [strict N0indep+N1]: UNSAT (0s)
n=22 d=5 g=31/34 H=6 [strict maxdeg+N0]: UNSAT (8s)
n=22 d=5 k=2 g2=0/2 H=6 [strict N0indep+N1]: UNSAT (7s)
n=22 d=5 k=1 g2=0/1 H=6 [strict N0indep+N1]: UNSAT (11s)
n=22 d=5 k=3 g2=2/4 H=6 [strict N0indep+N1]: UNSAT (7s)
n=22 d=5 k=3 g2=3/4 H=6 [strict N0indep+N1]: UNSAT (5s)
n=22 d=5 g=19/34 H=6 [strict maxdeg+N0]: UNSAT (119s)
n=22 d=5 k=4 g2=2/11 H=6 [strict N0indep+N1]: UNSAT (6s)
n=22 d=5 k=4 g2=3/11 H=6 [strict N0indep+N1]: UNSAT (7s)
n=22 d=5 k=2 g2=1/2 H=6 [strict N0indep+N1]: UNSAT (49s)
n=22 d=5 g=22/34 H=6 [strict maxdeg+N0]: UNSAT (122s)
n=22 d=5 k=3 g2=1/4 H=6 [strict N0indep+N1]: UNSAT (53s)
n=22 d=5 k=4 g2=4/11 H=6 [strict N0indep+N1]: UNSAT (1s)
n=22 d=5 k=4 g2=1/11 H=6 [strict N0indep+N1]: UNSAT (39s)
n=22 d=5 k=3 g2=0/4 H=6 [strict N0indep+N1]: UNSAT (65s)
n=22 d=5 k=4 g2=5/11 H=6 [strict N0indep+N1]: UNSAT (5s)
n=22 d=5 k=4 g2=6/11 H=6 [strict N0indep+N1]: UNSAT (6s)
n=22 d=5 k=4 g2=7/11 H=6 [strict N0indep+N1]: UNSAT (5s)
n=22 d=5 k=4 g2=8/11 H=6 [strict N0indep+N1]: UNSAT (4s)
n=22 d=5 k=4 g2=10/11 H=6 [strict N0indep+N1]: UNSAT (0s)
n=22 d=5 k=4 g2=9/11 H=6 [strict N0indep+N1]: UNSAT (6s)
n=22 d=5 k=4 g2=0/11 H=6 [strict N0indep+N1]: UNSAT (79s)
n=22 d=5 g=1 k=3 g2=2/4 H=6 [strict maxdeg+N0+N1]: UNSAT (9s)
n=22 d=5 g=1 k=3 g2=3/4 H=6 [strict maxdeg+N0+N1]: UNSAT (5s)
n=22 d=5 g=1 k=2 g2=0/2 H=6 [strict maxdeg+N0+N1]: UNSAT (70s)
n=22 d=5 g=1 k=0 g2=0/1 H=6 [strict maxdeg+N0+N1]: UNSAT (75s)
n=22 d=5 g=1 k=3 g2=1/4 H=6 [strict maxdeg+N0+N1]: UNSAT (65s)
n=22 d=5 g=1 k=3 g2=0/4 H=6 [strict maxdeg+N0+N1]: UNSAT (70s)
n=22 d=5 g=1 k=2 g2=1/2 H=6 [strict maxdeg+N0+N1]: UNSAT (80s)
n=22 d=5 g=1 k=1 g2=0/1 H=6 [strict maxdeg+N0+N1]: UNSAT (86s)
n=22 d=5 g=1 k=4 g2=2/11 H=6 [strict maxdeg+N0+N1]: UNSAT (5s)
n=22 d=5 g=1 k=4 g2=3/11 H=6 [strict maxdeg+N0+N1]: UNSAT (6s)
n=22 d=5 g=1 k=4 g2=4/11 H=6 [strict maxdeg+N0+N1]: UNSAT (4s)
n=22 d=5 g=1 k=4 g2=5/11 H=6 [strict maxdeg+N0+N1]: UNSAT (6s)
n=22 d=5 g=1 k=4 g2=1/11 H=6 [strict maxdeg+N0+N1]: UNSAT (45s)
n=22 d=5 g=1 k=4 g2=6/11 H=6 [strict maxdeg+N0+N1]: UNSAT (4s)
n=22 d=5 g=1 k=4 g2=7/11 H=6 [strict maxdeg+N0+N1]: UNSAT (4s)
n=22 d=5 g=1 k=4 g2=10/11 H=6 [strict maxdeg+N0+N1]: UNSAT (0s)
n=22 d=5 g=1 k=4 g2=8/11 H=6 [strict maxdeg+N0+N1]: UNSAT (4s)
n=22 d=5 g=1 k=4 g2=9/11 H=6 [strict maxdeg+N0+N1]: UNSAT (6s)
n=22 d=5 g=1 k=4 g2=0/11 H=6 [strict maxdeg+N0+N1]: UNSAT (80s)
n=22 d=5 g=2 k=2 g2=1/2 H=6 [strict maxdeg+N0+N1]: UNSAT (14s)
n=22 d=5 g=2 k=3 g2=2/4 H=6 [strict maxdeg+N0+N1]: UNSAT (9s)
n=22 d=5 g=2 k=3 g2=3/4 H=6 [strict maxdeg+N0+N1]: UNSAT (7s)
n=22 d=5 g=2 k=0 g2=0/1 H=6 [strict maxdeg+N0+N1]: UNSAT (55s)
n=22 d=5 g=2 k=1 g2=0/1 H=6 [strict maxdeg+N0+N1]: UNSAT (55s)
n=22 d=5 g=2 k=3 g2=0/4 H=6 [strict maxdeg+N0+N1]: UNSAT (44s)
n=22 d=5 g=3/34 H=6 [strict maxdeg+N0]: UNSAT (588s)
n=22 d=5 g=2 k=2 g2=0/2 H=6 [strict maxdeg+N0+N1]: UNSAT (55s)
n=22 d=5 g=2 k=3 g2=1/4 H=6 [strict maxdeg+N0+N1]: UNSAT (49s)
n=22 d=5 g=5/34 H=6 [strict maxdeg+N0]: UNSAT (595s)
n=21 d=3 H=6 [maxdeg]: UNSAT (914s)
n=21 d=4 g=1/11 H=6 [strict maxdeg+N0]: UNSAT (981s)
n=22 d=4 g=2/11 H=6 [strict maxdeg+N0]: UNSAT (779s)
n=22 d=3 H=6 [maxdeg]: UNSAT (840s)
n=22 d=4 g=1/11 H=6 [strict maxdeg+N0]: UNSAT (1045s)
n=22 d=4 g=0/11 H=6 [strict maxdeg+N0]: UNSAT (2458s)
n=21 d=5 g=7/34 H=6 [strict maxdeg+N0]: UNSAT (2810s)
n=21 d=4 g=0/11 H=6 [strict maxdeg+N0]: UNSAT (2986s)
n=22 d=5 g=7/34 H=6 [strict maxdeg+N0]: UNSAT (3034s)
n=22 d=5 g=18/34 H=6 [strict maxdeg+N0]: UNSAT (3344s)
